exports[`test Option: disabled (false) 1`] = `"<a class=\"pe-button pe-button--text       \" id=\"\" tabindex=\"0\"><div class=\"pe-button__content\"><div class=\"pe-ripple pe-ripple--constrained \" id=\"\"><div class=\"pe-ripple__mask\"><div class=\"pe-ripple__waves\"></div></div></div><div class=\"pe-button__wash\"></div><div class=\"pe-button__focus\"></div><div class=\"pe-button__label\">Not disabled</div></div></a>"`;

exports[`test Option: disabled (true) 1`] = `"<a class=\"pe-button pe-button--text  pe-button--disabled     \" id=\"\" tabindex=\"-1\" disabled><div class=\"pe-button__content\"><div class=\"pe-button__label\">Disabled</div></div></a>"`;

exports[`test Option: formaction 1`] = `"<a class=\"pe-button pe-button--text       \" id=\"\" tabindex=\"0\" formaction=\"http://polythene.js.org\"><div class=\"pe-button__content\"><div class=\"pe-ripple pe-ripple--constrained \" id=\"\"><div class=\"pe-ripple__mask\"><div class=\"pe-ripple__waves\"></div></div></div><div class=\"pe-button__wash\"></div><div class=\"pe-button__focus\"></div><div class=\"pe-button__label\">Form action</div></div></a>"`;

exports[`test Option: inactivate (2) 1`] = `"<a class=\"pe-button pe-button--text       \" id=\"\" tabindex=\"0\"><div class=\"pe-button__content\"><div class=\"pe-ripple pe-ripple--constrained \" id=\"\"><div class=\"pe-ripple__mask\"><div class=\"pe-ripple__waves\"></div></div></div><div class=\"pe-button__wash\"></div><div class=\"pe-button__focus\"></div><div class=\"pe-button__label\">Inactivated for 2s</div></div></a>"`;

exports[`test Option: inactive (false) 1`] = `"<a class=\"pe-button pe-button--text       \" id=\"\" tabindex=\"0\"><div class=\"pe-button__content\"><div class=\"pe-ripple pe-ripple--constrained \" id=\"\"><div class=\"pe-ripple__mask\"><div class=\"pe-ripple__waves\"></div></div></div><div class=\"pe-button__wash\"></div><div class=\"pe-button__focus\"></div><div class=\"pe-button__label\">Not inactive</div></div></a>"`;

exports[`test Option: inactive (true) 1`] = `"<a class=\"pe-button pe-button--text   pe-button--inactive    \" id=\"\" tabindex=\"-1\"><div class=\"pe-button__content\"><div class=\"pe-ripple pe-ripple--constrained \" id=\"\"><div class=\"pe-ripple__mask\"><div class=\"pe-ripple__waves\"></div></div></div><div class=\"pe-button__wash\"></div><div class=\"pe-button__focus\"></div><div class=\"pe-button__label\">Inactive</div></div></a>"`;

exports[`test Option: ink (false) 1`] = `"<a class=\"pe-button pe-button--text       \" id=\"\" tabindex=\"0\"><div class=\"pe-button__content\"><div class=\"pe-ripple pe-ripple--constrained \" id=\"\"><div class=\"pe-ripple__mask\"><div class=\"pe-ripple__waves\"></div></div></div><div class=\"pe-button__wash\"></div><div class=\"pe-button__focus\"></div><div class=\"pe-button__label\">No ink</div></div></a>"`;

exports[`test Option: label 1`] = `"<a class=\"pe-button pe-button--text       \" id=\"\" tabindex=\"0\"><div class=\"pe-button__content\"><div class=\"pe-ripple pe-ripple--constrained \" id=\"\"><div class=\"pe-ripple__mask\"><div class=\"pe-ripple__waves\"></div></div></div><div class=\"pe-button__wash\"></div><div class=\"pe-button__focus\"></div><div class=\"pe-button__label\">Label</div></div></a>"`;

exports[`test Option: selected 1`] = `"<a class=\"pe-button pe-button--text pe-button--selected      \" id=\"\" tabindex=\"0\"><div class=\"pe-button__content\"><div class=\"pe-ripple pe-ripple--constrained \" id=\"\"><div class=\"pe-ripple__mask\"><div class=\"pe-ripple__waves\"></div></div></div><div class=\"pe-button__wash\"></div><div class=\"pe-button__focus\"></div><div class=\"pe-button__label\">Selected</div></div></a>"`;

exports[`test Option: url (with oncreate) 1`] = `"<a class=\"pe-button pe-button--text       \" id=\"\" tabindex=\"0\" href=\"/shadow\"><div class=\"pe-button__content\"><div class=\"pe-ripple pe-ripple--constrained \" id=\"\"><div class=\"pe-ripple__mask\"><div class=\"pe-ripple__waves\"></div></div></div><div class=\"pe-button__wash\"></div><div class=\"pe-button__focus\"></div><div class=\"pe-button__label\">Go to /#/shadow</div></div></a>"`;

exports[`test Option: url (without oncreate) 1`] = `"<a class=\"pe-button pe-button--text       \" id=\"\" tabindex=\"0\" href=\"/shadow\"><div class=\"pe-button__content\"><div class=\"pe-ripple pe-ripple--constrained \" id=\"\"><div class=\"pe-ripple__mask\"><div class=\"pe-ripple__waves\"></div></div></div><div class=\"pe-button__wash\"></div><div class=\"pe-button__focus\"></div><div class=\"pe-button__label\">Go to /shadow</div></div></a>"`;

exports[`test Option: wash (false) 1`] = `"<a class=\"pe-button pe-button--text       \" id=\"\" tabindex=\"0\"><div class=\"pe-button__content\"><div class=\"pe-ripple pe-ripple--constrained \" id=\"\"><div class=\"pe-ripple__mask\"><div class=\"pe-ripple__waves\"></div></div></div><div class=\"pe-button__focus\"></div><div class=\"pe-button__label\">No wash</div></div></a>"`;
